
> pulsar@1.0.0 test
> vitest run tests/unit/get_account_balance.test.ts


[1m[46m RUN [49m[22m [36mv4.1.1 [39m[90m/home/edohwares/Desktop/Room/drips/pulsar[39m

 [32m✓[39m tests/unit/get_account_balance.test.ts [2m([22m[2m5 tests[22m[2m)[22m[32m 15[2mms[22m[39m

[2m Test Files [22m [1m[32m1 passed[39m[22m[90m (1)[39m
[2m      Tests [22m [1m[32m5 passed[39m[22m[90m (5)[39m
[2m   Start at [22m 13:03:49
[2m   Duration [22m 443ms[2m (transform 84ms, setup 0ms, import 154ms, tests 15ms, environment 0ms)[22m

